{
  # void class declaration config
  # authoritative is mandatory
  "Dhcp6": {
    "client-classes": [
      # class declaration
      {
        "name": "foobar"
      }
    ]
  }
}
