{
  # EN server duid config
  # authoritative is mandatory
  "Dhcp6": {
    # EN server duid declaration
    "server-id": {
      "type": "EN",
      "enterprise-id": 2495,
      "identifier": "enterprise-specific-identifier-1234"
    }
  }
}
