{
  # LLT server duid config
  # authoritative is mandatory
  "Dhcp6": {
    # LLT server duid declaration
    "server-id": {
      "type": "LLT"
    }
  }
}
