{
  # DHCPv6 executable statement config
  # authoritative is mandatory
  "Dhcp6": {
    "valid-lifetime": 1800
//  # impossible to convert statement statement
//  "statement": {
//    "break": null
//  }
  }
}
