{
  "Dhcp4": {
    "valid-lifetime": 1800
//  # impossible to convert statement statement
//  "statement": {
//    "break": null
//  }
  }
}
