{
  # Group with DHCPv4 subnet declaration config
  # authoritative is mandatory
  "Dhcp4": {
    "valid-lifetime": 1200,
    "interfaces-config": {
      "interfaces": [
        "bar"
      ]
    },
    "subnet4": [
      # DHCPv4 subnet declaration
      {
        "subnet": "10.5.5.0/27",
        "pools": [
          # at least one pool is required
          {
            "pool": "10.5.5.5 - 10.5.5.10"
          }
        ],
        "interface": "bar",
        "valid-lifetime": 1800,
        "option-data": [
          # option
          {
            "space": "dhcp4",
            "name": "domain-search",
            "code": 119,
//          "original-data": "\"example.com\", \"example.org\"",
            "data": "example.com, example.org"
          }
        ],
        "match-client-id": true
      }
    ]
  }
}
