{
  # host declaration with client-identfiers config
  # authoritative is mandatory
  /// This configuration declares some subnets but has no interfaces-config
  /// Reference Kea #5256
  "Dhcp4": {
    "subnet4": [
      # subnet4 declaration
      {
        "subnet": "10.5.5.0/27",
        "pools": [
          {
            "pool": "10.5.5.5 - 10.5.5.10"
          }
        ],
        "reservations": [
          # host declarations
          {
            "hostname": "test1",
            "client-id": "01:02:03:04:05:0a:0b:0c:0d:0e:0f",
            "option-data": [
              {
                "space": "dhcp4",
                "name": "domain-search",
                "code": 119,
//              "original-data": "\"example.com\", \"example.org\"",
                "data": "example.com, example.org"
              }
            ],
//          /// valid-lifetime in unsupported scope
//          "valid-lifetime": 1800,
            "ip-address": "10.5.5.1"
//          "extra-ip-addresses": [
//            "10.10.10.10"
//          ]
          },
          {
            "hostname": "test2",
            "hw-address": "00:07:0e:36:48:19",
            "ip-address": "10.5.5.2"
          }
        ]
      },
      {
        "subnet": "10.10.10.0/27",
        "reservations": [
//        {
//          "hostname": "test3",
//          "hw-address": "fddi 00:07:0e:36:48:19",
//          "ip-address": "10.10.10.1"
//        }
        ]
      }
    ],
    "match-client-id": true,
    "host-reservation-identifiers": [
      "client-id",
      "hw-address"
    ]
  }
}
