{
  # hostname config
  # authoritative is mandatory
  /// This configuration declares some subnets but has no interfaces-config
  /// Reference Kea #245
  "Dhcp4": {
    "host-reservation-identifiers": [
      "hw-address"
    ],
    "subnet4": [
      {
        "id": 1,
        "subnet": "149.20.64.0/25",
        "reservations": [
          {
            "hostname": "test1",
            "hw-address": "00:07:0e:36:48:19",
            "ip-address": "149.20.64.69"
          }
        ]
      }
    ]
  }
}
