{
  # DHCPv6 minimal config
  # authoritative is mandatory
  "Dhcp6": {
    "valid-lifetime": 1800
  }
}
