{
  # DHCPv4 minimal config
  # authoritative is mandatory
  "Dhcp4": {
    "valid-lifetime": 1800
  }
}
