{
  # option-data in DHCPv4 pool config
  # authoritative is mandatory
  /// This configuration declares some subnets but has no interfaces-config
  /// Reference Kea #5256
  "Dhcp4": {
    "subnet4": [
      # subnet declaration
      {
        "id": 1,
        "subnet": "10.5.5.0/27",
        "pools": [
          # pool declaration
          {
            # avoid empty pool
            "pool": "10.5.5.5 - 10.5.5.10",
            "option-data": [
              # fixed now
              {
                "space": "dhcp4",
                "name": "domain-search",
                "code": 119,
//              "original-data": "\"example.com\", \"example.org\"",
                "data": "example.com, example.org"
              }
            ]
          }
        ]
      }
    ]
  }
}
