{
  # option definition config
  # authoritative is mandatory
  "Dhcp6": {
    "option-def": [
      # options
      {
        "space": "foobar",
        "name": "encap",
        "code": 1,
        "type": "empty",
        "encapsulate": "xyz"
      }
    ]
  }
}
