{
  # group and class declaration config
  # authoritative is mandatory
  "Dhcp6": {
    "option-def": [
      # vendor option space
      {
        "space": "vendor-12345",
        "name": "test",
        "code": 1,
        "type": "string"
      }
    ],
    "option-data": [
      {
        "space": "vendor-12345",
        "name": "vendor-opts",
        "code": 17,
        "data": "12345"
      },
      {
        "space": "vendor-12345",
        "name": "test",
        "code": 1,
        "data": "a test"
      }
    ]
  }
}
