{
  # group and class declaration config
  # authoritative is mandatory
  "Dhcp6": {
//  "option-space": {
//    "name": "bar",
//    /// Only code width 2 is supported
//    "code-width": 4,
//    /// Only length width 2 is supported
//    "length-width": 4
//  },
//  "option-space": {
//    "name": "full",
//    /// Only code width 2 is supported
//    "code-width": 1,
//    /// Only length width 2 is supported
//    "length-width": 1
//  },
    "option-def": [
      # option spaces
      {
        "space": "foobar",
        "name": "test",
        "code": 1,
        "type": "string"
      },
      {
        "space": "foo",
        "name": "test",
        "code": 1,
        "type": "string"
      }
    ]
  }
}
