{
  # ddns-domainname (aka qualifying-suffix)
  # authoritative is mandatory
  "Dhcp4": {
    "dhcp-ddns": {
      "qualifying-suffix": ".biz",
      "enable-updates": true
    },
    "client-classes": [
      # embedded
      {
        "name": "foo"
//      /// Only global qualifying-suffix is supported
//      "qualifying-suffix": ".bar"
      }
    ]
  }
}
