{
  "Dhcp6": {
    "option-def": [
      # subclass declaration config
      # authoritative is mandatory
      # options
      {
        "space": "dhcp6",
        "name": "mysystem",
        "code": 1250,
        "type": "string"
      },
      {
        "space": "dhcp6",
        "name": "myversion",
        "code": 1251,
        "type": "uint16"
      }
    ],
    "client-classes": [
      # superclass declaration
      {
        "name": "foobar",
//      "spawning": false,
//      "submatch": {
//        "option": {
//          "universe": "dhcp6",
//          "name": "mysystem"
//        }
//      },
        "option-data": [
          {
            "space": "dhcp6",
            "name": "myversion",
            "code": 1251,
            "data": "1"
          }
        ]
      },
      # simple subclass declaration
      {
//      "super": "foobar",
//      "string": "version1",
        "name": "sub#foobar#0",
        "option-data": [
          {
            "space": "dhcp6",
            "name": "myversion",
            "code": 1251,
            "data": "1"
          }
        ],
        /// from: match option dhcp6.mysystem
        /// data: 'version1'
        "test": "option[1250].hex == 'version1'"
      },
      # option setting subclass declaration
      {
//      "super": "foobar",
//      "string": "version2",
        "name": "sub#foobar#1",
        "option-data": [
          {
            "space": "dhcp6",
            "name": "myversion",
            "code": 1251,
            "data": "2"
          }
        ],
        /// from: match option dhcp6.mysystem
        /// data: 'version2'
        "test": "option[1250].hex == 'version2'"
      },
      # complex subclass declaration
      {
//      "super": "foobar",
//      "string": "version3",
        "name": "sub#foobar#2",
        "option-data": [
          {
            "space": "dhcp6",
            "name": "myversion",
            "code": 1251,
            "data": "3"
          },
          {
            "space": "dhcp6",
            "name": "rapid-commit",
            "code": 14,
            "data": ""
          }
        ],
        /// from: match option dhcp6.mysystem
        /// data: 'version3'
        "test": "option[1250].hex == 'version3'"
      }
    ]
  }
}
