{
  # DHCPv4 subnet declaration config
  # authoritative is mandatory
  "Dhcp4": {
    "valid-lifetime": 1800,
    "subnet4": [
//    # DHCPv4 subnet declaration
//    /// Not authorized subnet
//    /// This feature is not supported by Kea
//    /// Skipping the subnet only partially simulates it
//    {
//      "subnet": "10.5.5.0/27",
//      "pools": [
//        # at least one pool is required
//        {
//          "pool": "10.5.5.5 - 10.5.5.10"
//        }
//      ],
//      "option-data": [
//        {
//          "space": "dhcp4",
//          "name": "domain-search",
//          "code": 119,
//          "original-data": "\"example.com\", \"example.org\"",
//          "data": "example.com, example.org"
//        }
//      ],
//      "valid-lifetime": 3600,
//      "interface": "en0",
//      "match-client-id": true
//    }
    ],
    "interfaces-config": {
      "interfaces": [
        "en0"
      ]
    }
  }
}
