{
  # DHCPv4 subnet declaration config
  # authoritative is mandatory
  /// This configuration declares some subnets but has no interfaces-config
  /// Reference Kea #5256
  "Dhcp4": {
    "valid-lifetime": 1800,
    "subnet4": [
      # DHCPv4 subnet declaration
      {
        "subnet": "10.5.5.0/27",
        "pools": [
          # at least one pool is required
          {
            "pool": "10.5.5.5 - 10.5.5.10"
          }
        ],
        "option-data": [
          {
            "space": "dhcp4",
            "name": "domain-search",
            "code": 119,
            "data": "example.com, example.org"
          }
        ],
        "valid-lifetime": 3600,
        "match-client-id": true
      }
    ]
  }
}
